python : C:\Users\marut\AppData\Local\Packages\PythonSoftwareFoundation.Python.3.13_qbz5n2kfra8p0\LocalCache\local-pack
ages\Python313\site-packages\requests\__init__.py:113: RequestsDependencyWarning: urllib3 (2.5.0) or chardet 
(7.4.3)/charset_normalizer (3.4.3) doesn't match a supported version!
At line:1 char:1
+ python "C:\Users\marut\OneDrive\Documents\VYSHU\TechVestAgenticAIWork ...
+ ~~~~~~~~~~~~~~~~~~~~~~~~~~~~~~~~~~~~~~~~~~~~~~~~~~~~~~~~~~~~~~~~~~~~~
    + CategoryInfo          : NotSpecified: (C:\Users\marut\...ported version!:String) [], RemoteException
    + FullyQualifiedErrorId : NativeCommandError
 
  warnings.warn(
======================================================================
COMPREHENSIVE PROJECT IMPORT TEST
======================================================================

[1/7] Testing core modules...
OK: config -> Settings, get_settings
OK: core.logger -> get_logger, setup_logging
OK: core.exceptions
OK: core.models

[2/7] Testing crawler module...
OK: crawler.crawl -> CrawlerOrchestrator
OK: crawler.parser
OK: crawler.metadata

[3/7] Testing ingestion module...
FAIL: ingestion.chunk_processor -> cannot import name 'ChunkProcessor' from 'ingestion.chunk_processor' (C:\Users\marut\OneDrive\Documents\VYSHU\TechVestAgenticAIWorkshop\TechVestWorkshop\ChatBot\ingestion\chunk_processor.py)
FAIL: ingestion.kb_generators -> cannot import name 'KBGenerator' from 'ingestion.kb_generators' (C:\Users\marut\OneDrive\Documents\VYSHU\TechVestAgenticAIWorkshop\TechVestWorkshop\ChatBot\ingestion\kb_generators.py)
FAIL: ingestion.kb_loader -> cannot import name 'KBLoader' from 'ingestion.kb_loader' (C:\Users\marut\OneDrive\Documents\VYSHU\TechVestAgenticAIWorkshop\TechVestWorkshop\ChatBot\ingestion\kb_loader.py)

[4/7] Testing embedding module...
FAIL: embedding -> cannot import name 'EmbeddingGenerator' from 'embedding' (C:\Users\marut\OneDrive\Documents\VYSHU\TechVestAgenticAIWorkshop\TechVestWorkshop\ChatBot\embedding\__init__.py)

[5/7] Testing vectorstore module...
OK: vectorstore
OK: vectorstore.vectorstore -> VectorStore

[6/7] Testing retriever module...
OK: retriever
OK: retriever.retrieval_pipeline -> RetrievalPipeline

[7/7] Testing chatbot and security...
OK: security -> SecurityManager
OK: chatbot.chatbot -> Chatbot

======================================================================
TEST SUMMARY
======================================================================
Total: 17 | Passed: 13 | Failed: 4

Failed imports:
  - ingestion.chunk_processor: cannot import name 'ChunkProcessor' from 'ingestion.chunk_processor' (C:\Users\marut\OneDrive\Documents\VYSHU\TechVestAgenticAIWorkshop\TechVestWorkshop\ChatBot\ingestion\chunk_processor.py)
  - ingestion.kb_generators: cannot import name 'KBGenerator' from 'ingestion.kb_generators' (C:\Users\marut\OneDrive\Documents\VYSHU\TechVestAgenticAIWorkshop\TechVestWorkshop\ChatBot\ingestion\kb_generators.py)
  - ingestion.kb_loader: cannot import name 'KBLoader' from 'ingestion.kb_loader' (C:\Users\marut\OneDrive\Documents\VYSHU\TechVestAgenticAIWorkshop\TechVestWorkshop\ChatBot\ingestion\kb_loader.py)
  - embedding: cannot import name 'EmbeddingGenerator' from 'embedding' (C:\Users\marut\OneDrive\Documents\VYSHU\TechVestAgenticAIWorkshop\TechVestWorkshop\ChatBot\embedding\__init__.py)
